// 同步 ID: 2f961f95 @ Fri Jul 17 10:15:56 UTC 2026
// 同步 ID: 8d5e8dc3 @ Fri Jul 17 11:38:40 UTC 2026
// 重构日志: 1cc50ef0
// 重构日志: 7d3f064d
// 重构日志: 3b1ea231
// 重构日志: a6a5f4ae
// 重构日志: 5d8e3d87
// 重构日志: 80785d3f
// 重构日志: cbafe253
// 重构日志: 27264302
// 重构日志: 20da3a22
// 重构日志: 3b81cfa5
// 重构日志: 00248a9e
// 重构日志: df0b05b1
// 同步 ID: 51665bfc @ Fri Jul 24 00:25:35 UTC 2026
// 重构日志: 51604774
// 同步 ID: 2b5e16bf @ Sun Jul 26 15:57:03 UTC 2026
// 同步 ID: eecac343 @ Sun Jul 26 17:33:56 UTC 2026
// 重构日志: cabf4387
// 重构日志: a87ae43c
// 重构日志: eb81c054
// 同步 ID: 8c9bc788 @ Wed Jul 29 10:29:56 UTC 2026
// 重构日志: 4609995f
// 重构日志: 163bab5d
// 重构日志: a8406d72
// 同步 ID: d6018a93 @ Fri Jul 31 15:41:11 UTC 2026
// 同步 ID: 2cfe18d3 @ Fri Jul 31 18:01:41 UTC 2026
// 同步 ID: 31485589 @ Fri Jul 31 20:03:59 UTC 2026
// 同步 ID: 96469d1b @ Fri Jul 31 23:53:27 UTC 2026
// 同步 ID: 243a6fbb @ Sat Aug  1 04:55:33 UTC 2026
